🩺 The doctor is checking the health of your Storybook..
╭ Incompatible packages found ────────────────────────────────────────────────────────────────────────────────────────────────────────╮
│                                                                                                                                     │
│   The following packages are incompatible with Storybook 8.6.12 as they depend on different major versions of Storybook packages:   │
│   - @storybook/addon-essentials@8.4.2 (8.6.12 available!)                                                                           │
│    Repo: https://github.com/storybookjs/storybook/tree/next/code/addons/essentials                                                  │
│   - @storybook/addon-interactions@8.4.2 (8.6.12 available!)                                                                         │
│    Repo: https://github.com/storybookjs/storybook/tree/next/code/addons/interactions                                                │
│   - @storybook/svelte@8.4.2 (8.6.12 available!)                                                                                     │
│    Repo: https://github.com/storybookjs/storybook/tree/next/code/renderers/svelte                                                   │
│   - @storybook/sveltekit@8.4.2 (8.6.12 available!)                                                                                  │
│    Repo: https://github.com/storybookjs/storybook/tree/next/code/frameworks/sveltekit                                               │
│   - @storybook/test@8.4.2 (8.6.12 available!)                                                                                       │
│    Repo: https://github.com/storybookjs/storybook/tree/next/code/lib/test                                                           │
│                                                                                                                                     │
│                                                                                                                                     │
│   Please consider updating your packages or contacting the maintainers for compatibility details.                                   │
│   For more on Storybook 8 compatibility, see the linked GitHub issue:                                                               │
│   https://github.com/storybookjs/storybook/issues/26031                                                                             │
│                                                                                                                                     │
╰─────────────────────────────────────────────────────────────────────────────────────────────────────────────────────────────────────╯

You can always recheck the health of your project by running:
npx storybook doctor

Full logs are available in C:\desarrollo\NV\nv-components\doctor-storybook.log

